// Jest Snapshot v1, https://goo.gl/fbAQLP

exports[`Calculator page of the App Builds the snapshot of the Calculator component safely 1`] = `
Array [
  <div
    className="text"
  >
    <h2>
      Let's Do some Math!
    </h2>
  </div>,
  <div
    className="container"
  >
    <div
      className="display"
    >
      <h1 />
    </div>
    <div
      className="btns"
    >
      <button
        className="button"
        onClick={[Function]}
        type="button"
        value="AC"
      >
        AC
      </button>
      <button
        className="button"
        onClick={[Function]}
        type="button"
        value="+/-"
      >
        +/-
      </button>
      <button
        className="button"
        onClick={[Function]}
        type="button"
        value="%"
      >
        %
      </button>
      <button
        className="button operator"
        onClick={[Function]}
        type="button"
        value="รท"
      >
        รท
      </button>
      <button
        className="button"
        onClick={[Function]}
        type="button"
        value="7"
      >
        7
      </button>
      <button
        className="button"
        onClick={[Function]}
        type="button"
        value="8"
      >
        8
      </button>
      <button
        className="button"
        onClick={[Function]}
        type="button"
        value="9"
      >
        9
      </button>
      <button
        className="button operator"
        onClick={[Function]}
        type="button"
        value="x"
      >
        x
      </button>
      <button
        className="button"
        onClick={[Function]}
        type="button"
        value="4"
      >
        4
      </button>
      <button
        className="button"
        onClick={[Function]}
        type="button"
        value="5"
      >
        5
      </button>
      <button
        className="button"
        onClick={[Function]}
        type="button"
        value="6"
      >
        6
      </button>
      <button
        className="button operator"
        onClick={[Function]}
        type="button"
        value="-"
      >
        -
      </button>
      <button
        className="button"
        onClick={[Function]}
        type="button"
        value="1"
      >
        1
      </button>
      <button
        className="button"
        onClick={[Function]}
        type="button"
        value="2"
      >
        2
      </button>
      <button
        className="button"
        onClick={[Function]}
        type="button"
        value="3"
      >
        3
      </button>
      <button
        className="button operator"
        onClick={[Function]}
        type="button"
        value="+"
      >
        +
      </button>
      <button
        className="button zero"
        onClick={[Function]}
        type="button"
        value="0"
      >
        0
      </button>
      <button
        className="button"
        onClick={[Function]}
        type="button"
        value="."
      >
        .
      </button>
      <button
        className="button operator"
        onClick={[Function]}
        type="button"
        value="="
      >
        =
      </button>
    </div>
  </div>,
]
`;
