// Jest Snapshot v1, https://goo.gl/fbAQLP

exports[`Home page of the App Builds the snapshot of the Home component safely 1`] = `
<div
  className="homepage"
>
  <h2>
    Welcome to our page
  </h2>
  <p>
    " Math magicians " is a website for all fans of mathematics. It is a Single Page App (SPA) that allows users to make simple calculations and read a random math-related quote.
  </p>
</div>
`;
